---
source: src/lib.rs
expression: parser.parse_bytes(&packet)
---
- V9:
    header:
      version: 9
      count: 1
      sys_up_time: 2313
      unix_secs: 66051
      sequence_number: 1
      source_id: 1
    flowsets:
      - flow_set_id: 258
        data:
          length: 12
          data_fields:
            - in_bytes:
                - 9
                - 2
                - 3
                - 4
            - ipv4_src_addr: 9.9.9.8

